// Jest Snapshot v1, https://goo.gl/fbAQLP

exports[`PasswordResetConfirmForm renders without errors 1`] = `
<form
  className={undefined}
  onSubmit={[Function]}
>
  <div
    className="messages"
  >
    <div
      className="flash"
    />
  </div>
  <div>
    <label />
    <div>
      <input
        name="code"
        onBlur={[Function]}
        onChange={[Function]}
        onDragStart={[Function]}
        onDrop={[Function]}
        onFocus={[Function]}
        placeholder="Confirmation Code"
        type="text"
        value=""
      />
    </div>
  </div>
  <button
    onClick={undefined}
    type="button"
  >
    Request New Code
  </button>
  <button
    disabled={true}
    type="submit"
  >
    Confirm
  </button>
  <button
    disabled={true}
    onClick={[Function]}
    type="reset"
  >
    Reset
  </button>
</form>
`;
