// Jest Snapshot v1, https://goo.gl/fbAQLP

exports[`Home renders without errors 1`] = `
<div>
  Home
</div>
`;
