// Jest Snapshot v1, https://goo.gl/fbAQLP

exports[`PrivateComponent renders without errors 1`] = `
<div>
  Private
</div>
`;
