// Jest Snapshot v1, https://goo.gl/fbAQLP

exports[`RouteWithRedirect renders without errors 1`] = `null`;
